// Jest Snapshot v1, https://goo.gl/fbAQLP

exports[`TabBoundary.Classic duplicate focus keys within same boundary throws 1`] = `[SetError: The value focuser does not exist]`;

exports[`TabBoundary.Hooks duplicate focus keys within same boundary throws 1`] = `[SetError: The value: focuser already exists]`;
